
[root@lvm ~]# vgs
  VG         #PV #LV #SN Attr   VSize   VFree
  VolGroup00   1   2   0 wz--n- <38.97g    0 
[root@lvm ~]# vgrename VlGroup00 RootOtus
  Volume group "VlGroup00" not found
  Cannot process volume group VlGroup00
[root@lvm ~]# vgrename VolGroup00 RootOtus
  Volume group "VolGroup00" successfully renamed to "RootOtus"
[root@lvm ~]# vim /etc/fstab 
bash: vim: command not found
[root@lvm ~]# yum install vim
Loaded plugins: fastestmirror
Loading mirror speeds from cached hostfile
 * base: mirror.corbina.net
 * extras: mirror.axelname.ru
 * updates: mirror.yandex.ru
base                                                     | 3.6 kB     00:00     
extras                                                   | 2.9 kB     00:00     
updates                                                  | 2.9 kB     00:00     
Resolving Dependencies
--> Running transaction check
---> Package vim-enhanced.x86_64 2:7.4.629-6.el7 will be installed
--> Processing Dependency: vim-common = 2:7.4.629-6.el7 for package: 2:vim-enhanced-7.4.629-6.el7.x86_64
--> Processing Dependency: perl(:MODULE_COMPAT_5.16.3) for package: 2:vim-enhanced-7.4.629-6.el7.x86_64
--> Processing Dependency: libperl.so()(64bit) for package: 2:vim-enhanced-7.4.629-6.el7.x86_64
--> Processing Dependency: libgpm.so.2()(64bit) for package: 2:vim-enhanced-7.4.629-6.el7.x86_64
--> Running transaction check
---> Package gpm-libs.x86_64 0:1.20.7-6.el7 will be installed
---> Package perl.x86_64 4:5.16.3-294.el7_6 will be installed
--> Processing Dependency: perl(Socket) >= 1.3 for package: 4:perl-5.16.3-294.el7_6.x86_64
--> Processing Dependency: perl(Scalar::Util) >= 1.10 for package: 4:perl-5.16.3-294.el7_6.x86_64
--> Processing Dependency: perl-macros for package: 4:perl-5.16.3-294.el7_6.x86_64
--> Processing Dependency: perl(threads::shared) for package: 4:perl-5.16.3-294.el7_6.x86_64
--> Processing Dependency: perl(threads) for package: 4:perl-5.16.3-294.el7_6.x86_64
--> Processing Dependency: perl(constant) for package: 4:perl-5.16.3-294.el7_6.x86_64
--> Processing Dependency: perl(Time::Local) for package: 4:perl-5.16.3-294.el7_6.x86_64
--> Processing Dependency: perl(Time::HiRes) for package: 4:perl-5.16.3-294.el7_6.x86_64
--> Processing Dependency: perl(Storable) for package: 4:perl-5.16.3-294.el7_6.x86_64
--> Processing Dependency: perl(Socket) for package: 4:perl-5.16.3-294.el7_6.x86_64
--> Processing Dependency: perl(Scalar::Util) for package: 4:perl-5.16.3-294.el7_6.x86_64
--> Processing Dependency: perl(Pod::Simple::XHTML) for package: 4:perl-5.16.3-294.el7_6.x86_64
--> Processing Dependency: perl(Pod::Simple::Search) for package: 4:perl-5.16.3-294.el7_6.x86_64
--> Processing Dependency: perl(Getopt::Long) for package: 4:perl-5.16.3-294.el7_6.x86_64
--> Processing Dependency: perl(Filter::Util::Call) for package: 4:perl-5.16.3-294.el7_6.x86_64
--> Processing Dependency: perl(File::Temp) for package: 4:perl-5.16.3-294.el7_6.x86_64
--> Processing Dependency: perl(File::Spec::Unix) for package: 4:perl-5.16.3-294.el7_6.x86_64
--> Processing Dependency: perl(File::Spec::Functions) for package: 4:perl-5.16.3-294.el7_6.x86_64
--> Processing Dependency: perl(File::Spec) for package: 4:perl-5.16.3-294.el7_6.x86_64
--> Processing Dependency: perl(File::Path) for package: 4:perl-5.16.3-294.el7_6.x86_64
--> Processing Dependency: perl(Exporter) for package: 4:perl-5.16.3-294.el7_6.x86_64
--> Processing Dependency: perl(Cwd) for package: 4:perl-5.16.3-294.el7_6.x86_64
--> Processing Dependency: perl(Carp) for package: 4:perl-5.16.3-294.el7_6.x86_64
---> Package perl-libs.x86_64 4:5.16.3-294.el7_6 will be installed
---> Package vim-common.x86_64 2:7.4.629-6.el7 will be installed
--> Processing Dependency: vim-filesystem for package: 2:vim-common-7.4.629-6.el7.x86_64
--> Running transaction check
---> Package perl-Carp.noarch 0:1.26-244.el7 will be installed
---> Package perl-Exporter.noarch 0:5.68-3.el7 will be installed
---> Package perl-File-Path.noarch 0:2.09-2.el7 will be installed
---> Package perl-File-Temp.noarch 0:0.23.01-3.el7 will be installed
---> Package perl-Filter.x86_64 0:1.49-3.el7 will be installed
---> Package perl-Getopt-Long.noarch 0:2.40-3.el7 will be installed
--> Processing Dependency: perl(Pod::Usage) >= 1.14 for package: perl-Getopt-Long-2.40-3.el7.noarch
--> Processing Dependency: perl(Text::ParseWords) for package: perl-Getopt-Long-2.40-3.el7.noarch
---> Package perl-PathTools.x86_64 0:3.40-5.el7 will be installed
---> Package perl-Pod-Simple.noarch 1:3.28-4.el7 will be installed
--> Processing Dependency: perl(Pod::Escapes) >= 1.04 for package: 1:perl-Pod-Simple-3.28-4.el7.noarch
--> Processing Dependency: perl(Encode) for package: 1:perl-Pod-Simple-3.28-4.el7.noarch
---> Package perl-Scalar-List-Utils.x86_64 0:1.27-248.el7 will be installed
---> Package perl-Socket.x86_64 0:2.010-4.el7 will be installed
---> Package perl-Storable.x86_64 0:2.45-3.el7 will be installed
---> Package perl-Time-HiRes.x86_64 4:1.9725-3.el7 will be installed
---> Package perl-Time-Local.noarch 0:1.2300-2.el7 will be installed
---> Package perl-constant.noarch 0:1.27-2.el7 will be installed
---> Package perl-macros.x86_64 4:5.16.3-294.el7_6 will be installed
---> Package perl-threads.x86_64 0:1.87-4.el7 will be installed
---> Package perl-threads-shared.x86_64 0:1.43-6.el7 will be installed
---> Package vim-filesystem.x86_64 2:7.4.629-6.el7 will be installed
--> Running transaction check
---> Package perl-Encode.x86_64 0:2.51-7.el7 will be installed
---> Package perl-Pod-Escapes.noarch 1:1.04-294.el7_6 will be installed
---> Package perl-Pod-Usage.noarch 0:1.63-3.el7 will be installed
--> Processing Dependency: perl(Pod::Text) >= 3.15 for package: perl-Pod-Usage-1.63-3.el7.noarch
--> Processing Dependency: perl-Pod-Perldoc for package: perl-Pod-Usage-1.63-3.el7.noarch
---> Package perl-Text-ParseWords.noarch 0:3.29-4.el7 will be installed
--> Running transaction check
---> Package perl-Pod-Perldoc.noarch 0:3.20-4.el7 will be installed
--> Processing Dependency: perl(parent) for package: perl-Pod-Perldoc-3.20-4.el7.noarch
--> Processing Dependency: perl(HTTP::Tiny) for package: perl-Pod-Perldoc-3.20-4.el7.noarch
---> Package perl-podlators.noarch 0:2.5.1-3.el7 will be installed
--> Running transaction check
---> Package perl-HTTP-Tiny.noarch 0:0.033-3.el7 will be installed
---> Package perl-parent.noarch 1:0.225-244.el7 will be installed
--> Finished Dependency Resolution

Dependencies Resolved

================================================================================
 Package                    Arch       Version                   Repository
                                                                           Size
================================================================================
Installing:
 vim-enhanced               x86_64     2:7.4.629-6.el7           base     1.1 M
Installing for dependencies:
 gpm-libs                   x86_64     1.20.7-6.el7              base      32 k
 perl                       x86_64     4:5.16.3-294.el7_6        base     8.0 M
 perl-Carp                  noarch     1.26-244.el7              base      19 k
 perl-Encode                x86_64     2.51-7.el7                base     1.5 M
 perl-Exporter              noarch     5.68-3.el7                base      28 k
 perl-File-Path             noarch     2.09-2.el7                base      26 k
 perl-File-Temp             noarch     0.23.01-3.el7             base      56 k
 perl-Filter                x86_64     1.49-3.el7                base      76 k
 perl-Getopt-Long           noarch     2.40-3.el7                base      56 k
 perl-HTTP-Tiny             noarch     0.033-3.el7               base      38 k
 perl-PathTools             x86_64     3.40-5.el7                base      82 k
 perl-Pod-Escapes           noarch     1:1.04-294.el7_6          base      51 k
 perl-Pod-Perldoc           noarch     3.20-4.el7                base      87 k
 perl-Pod-Simple            noarch     1:3.28-4.el7              base     216 k
 perl-Pod-Usage             noarch     1.63-3.el7                base      27 k
 perl-Scalar-List-Utils     x86_64     1.27-248.el7              base      36 k
 perl-Socket                x86_64     2.010-4.el7               base      49 k
 perl-Storable              x86_64     2.45-3.el7                base      77 k
 perl-Text-ParseWords       noarch     3.29-4.el7                base      14 k
 perl-Time-HiRes            x86_64     4:1.9725-3.el7            base      45 k
 perl-Time-Local            noarch     1.2300-2.el7              base      24 k
 perl-constant              noarch     1.27-2.el7                base      19 k
 perl-libs                  x86_64     4:5.16.3-294.el7_6        base     688 k
 perl-macros                x86_64     4:5.16.3-294.el7_6        base      44 k
 perl-parent                noarch     1:0.225-244.el7           base      12 k
 perl-podlators             noarch     2.5.1-3.el7               base     112 k
 perl-threads               x86_64     1.87-4.el7                base      49 k
 perl-threads-shared        x86_64     1.43-6.el7                base      39 k
 vim-common                 x86_64     2:7.4.629-6.el7           base     5.9 M
 vim-filesystem             x86_64     2:7.4.629-6.el7           base      11 k

Transaction Summary
================================================================================
Install  1 Package (+30 Dependent packages)

Total download size: 18 M
Installed size: 60 M
Is this ok [y/d/N]: y
Downloading packages:
(1/31): gpm-libs-1.20.7-6.el7.x86_64.rpm                   |  32 kB   00:00     
(2/31): perl-Carp-1.26-244.el7.noarch.rpm                  |  19 kB   00:00     
(3/31): perl-Encode-2.51-7.el7.x86_64.rpm                  | 1.5 MB   00:00     
(4/31): perl-Exporter-5.68-3.el7.noarch.rpm                |  28 kB   00:00     
(5/31): perl-File-Path-2.09-2.el7.noarch.rpm               |  26 kB   00:00     
(6/31): perl-File-Temp-0.23.01-3.el7.noarch.rpm            |  56 kB   00:00     
(7/31): perl-Filter-1.49-3.el7.x86_64.rpm                  |  76 kB   00:00     
(8/31): perl-Getopt-Long-2.40-3.el7.noarch.rpm             |  56 kB   00:00     
(9/31): perl-HTTP-Tiny-0.033-3.el7.noarch.rpm              |  38 kB   00:00     
(10/31): perl-PathTools-3.40-5.el7.x86_64.rpm              |  82 kB   00:00     
(11/31): perl-Pod-Escapes-1.04-294.el7_6.noarch.rpm        |  51 kB   00:00     
(12/31): perl-Pod-Perldoc-3.20-4.el7.noarch.rpm            |  87 kB   00:00     
(13/31): perl-Pod-Simple-3.28-4.el7.noarch.rpm             | 216 kB   00:00     
(14/31): perl-Pod-Usage-1.63-3.el7.noarch.rpm              |  27 kB   00:00     
(15/31): perl-Scalar-List-Utils-1.27-248.el7.x86_64.rpm    |  36 kB   00:00     
(16/31): perl-Socket-2.010-4.el7.x86_64.rpm                |  49 kB   00:00     
(17/31): perl-Storable-2.45-3.el7.x86_64.rpm               |  77 kB   00:00     
(18/31): perl-Text-ParseWords-3.29-4.el7.noarch.rpm        |  14 kB   00:00     
(19/31): perl-Time-HiRes-1.9725-3.el7.x86_64.rpm           |  45 kB   00:00     
(20/31): perl-Time-Local-1.2300-2.el7.noarch.rpm           |  24 kB   00:00     
(21/31): perl-constant-1.27-2.el7.noarch.rpm               |  19 kB   00:00     
(22/31): perl-libs-5.16.3-294.el7_6.x86_64.rpm             | 688 kB   00:00     
(23/31): perl-macros-5.16.3-294.el7_6.x86_64.rpm           |  44 kB   00:00     
(24/31): perl-parent-0.225-244.el7.noarch.rpm              |  12 kB   00:00     
(25/31): perl-podlators-2.5.1-3.el7.noarch.rpm             | 112 kB   00:00     
(26/31): perl-threads-1.87-4.el7.x86_64.rpm                |  49 kB   00:00     
(27/31): perl-threads-shared-1.43-6.el7.x86_64.rpm         |  39 kB   00:00     
(28/31): perl-5.16.3-294.el7_6.x86_64.rpm                  | 8.0 MB   00:04     
(29/31): vim-enhanced-7.4.629-6.el7.x86_64.rpm             | 1.1 MB   00:00     
(30/31): vim-filesystem-7.4.629-6.el7.x86_64.rpm           |  11 kB   00:00     
(31/31): vim-common-7.4.629-6.el7.x86_64.rpm               | 5.9 MB   00:03     
--------------------------------------------------------------------------------
Total                                              2.9 MB/s |  18 MB  00:06     
Running transaction check
Running transaction test
Transaction test succeeded
Running transaction
  Installing : 1:perl-parent-0.225-244.el7.noarch                          1/31 
  Installing : perl-HTTP-Tiny-0.033-3.el7.noarch                           2/31 
  Installing : perl-podlators-2.5.1-3.el7.noarch                           3/31 
  Installing : perl-Pod-Perldoc-3.20-4.el7.noarch                          4/31 
  Installing : 1:perl-Pod-Escapes-1.04-294.el7_6.noarch                    5/31 
  Installing : perl-Text-ParseWords-3.29-4.el7.noarch                      6/31 
  Installing : perl-Encode-2.51-7.el7.x86_64                               7/31 
  Installing : perl-Pod-Usage-1.63-3.el7.noarch                            8/31 
  Installing : 4:perl-libs-5.16.3-294.el7_6.x86_64                         9/31 
  Installing : 4:perl-macros-5.16.3-294.el7_6.x86_64                      10/31 
  Installing : perl-Storable-2.45-3.el7.x86_64                            11/31 
  Installing : perl-Exporter-5.68-3.el7.noarch                            12/31 
  Installing : perl-constant-1.27-2.el7.noarch                            13/31 
  Installing : perl-Time-Local-1.2300-2.el7.noarch                        14/31 
  Installing : perl-Carp-1.26-244.el7.noarch                              15/31 
  Installing : 4:perl-Time-HiRes-1.9725-3.el7.x86_64                      16/31 
  Installing : perl-PathTools-3.40-5.el7.x86_64                           17/31 
  Installing : perl-Scalar-List-Utils-1.27-248.el7.x86_64                 18/31 
  Installing : perl-File-Temp-0.23.01-3.el7.noarch                        19/31 
  Installing : perl-File-Path-2.09-2.el7.noarch                           20/31 
  Installing : perl-threads-shared-1.43-6.el7.x86_64                      21/31 
  Installing : perl-threads-1.87-4.el7.x86_64                             22/31 
  Installing : perl-Filter-1.49-3.el7.x86_64                              23/31 
  Installing : perl-Socket-2.010-4.el7.x86_64                             24/31 
  Installing : 1:perl-Pod-Simple-3.28-4.el7.noarch                        25/31 
  Installing : perl-Getopt-Long-2.40-3.el7.noarch                         26/31 
  Installing : 4:perl-5.16.3-294.el7_6.x86_64                             27/31 
  Installing : gpm-libs-1.20.7-6.el7.x86_64                               28/31 
  Installing : 2:vim-filesystem-7.4.629-6.el7.x86_64                      29/31 
  Installing : 2:vim-common-7.4.629-6.el7.x86_64                          30/31 
  Installing : 2:vim-enhanced-7.4.629-6.el7.x86_64                        31/31 
  Verifying  : perl-HTTP-Tiny-0.033-3.el7.noarch                           1/31 
  Verifying  : perl-threads-shared-1.43-6.el7.x86_64                       2/31 
  Verifying  : perl-Storable-2.45-3.el7.x86_64                             3/31 
  Verifying  : 1:perl-Pod-Escapes-1.04-294.el7_6.noarch                    4/31 
  Verifying  : perl-Exporter-5.68-3.el7.noarch                             5/31 
  Verifying  : perl-constant-1.27-2.el7.noarch                             6/31 
  Verifying  : perl-PathTools-3.40-5.el7.x86_64                            7/31 
  Verifying  : 1:perl-parent-0.225-244.el7.noarch                          8/31 
  Verifying  : 4:perl-libs-5.16.3-294.el7_6.x86_64                         9/31 
  Verifying  : perl-File-Temp-0.23.01-3.el7.noarch                        10/31 
  Verifying  : 1:perl-Pod-Simple-3.28-4.el7.noarch                        11/31 
  Verifying  : perl-Time-Local-1.2300-2.el7.noarch                        12/31 
  Verifying  : 4:perl-macros-5.16.3-294.el7_6.x86_64                      13/31 
  Verifying  : 4:perl-5.16.3-294.el7_6.x86_64                             14/31 
  Verifying  : 2:vim-enhanced-7.4.629-6.el7.x86_64                        15/31 
  Verifying  : perl-Carp-1.26-244.el7.noarch                              16/31 
  Verifying  : 4:perl-Time-HiRes-1.9725-3.el7.x86_64                      17/31 
  Verifying  : perl-Scalar-List-Utils-1.27-248.el7.x86_64                 18/31 
  Verifying  : perl-Pod-Usage-1.63-3.el7.noarch                           19/31 
  Verifying  : 2:vim-common-7.4.629-6.el7.x86_64                          20/31 
  Verifying  : 2:vim-filesystem-7.4.629-6.el7.x86_64                      21/31 
  Verifying  : perl-Encode-2.51-7.el7.x86_64                              22/31 
  Verifying  : perl-Pod-Perldoc-3.20-4.el7.noarch                         23/31 
  Verifying  : perl-podlators-2.5.1-3.el7.noarch                          24/31 
  Verifying  : perl-File-Path-2.09-2.el7.noarch                           25/31 
  Verifying  : perl-threads-1.87-4.el7.x86_64                             26/31 
  Verifying  : gpm-libs-1.20.7-6.el7.x86_64                               27/31 
  Verifying  : perl-Filter-1.49-3.el7.x86_64                              28/31 
  Verifying  : perl-Getopt-Long-2.40-3.el7.noarch                         29/31 
  Verifying  : perl-Text-ParseWords-3.29-4.el7.noarch                     30/31 
  Verifying  : perl-Socket-2.010-4.el7.x86_64                             31/31 

Installed:
  vim-enhanced.x86_64 2:7.4.629-6.el7                                           

Dependency Installed:
  gpm-libs.x86_64 0:1.20.7-6.el7                                                
  perl.x86_64 4:5.16.3-294.el7_6                                                
  perl-Carp.noarch 0:1.26-244.el7                                               
  perl-Encode.x86_64 0:2.51-7.el7                                               
  perl-Exporter.noarch 0:5.68-3.el7                                             
  perl-File-Path.noarch 0:2.09-2.el7                                            
  perl-File-Temp.noarch 0:0.23.01-3.el7                                         
  perl-Filter.x86_64 0:1.49-3.el7                                               
  perl-Getopt-Long.noarch 0:2.40-3.el7                                          
  perl-HTTP-Tiny.noarch 0:0.033-3.el7                                           
  perl-PathTools.x86_64 0:3.40-5.el7                                            
  perl-Pod-Escapes.noarch 1:1.04-294.el7_6                                      
  perl-Pod-Perldoc.noarch 0:3.20-4.el7                                          
  perl-Pod-Simple.noarch 1:3.28-4.el7                                           
  perl-Pod-Usage.noarch 0:1.63-3.el7                                            
  perl-Scalar-List-Utils.x86_64 0:1.27-248.el7                                  
  perl-Socket.x86_64 0:2.010-4.el7                                              
  perl-Storable.x86_64 0:2.45-3.el7                                             
  perl-Text-ParseWords.noarch 0:3.29-4.el7                                      
  perl-Time-HiRes.x86_64 4:1.9725-3.el7                                         
  perl-Time-Local.noarch 0:1.2300-2.el7                                         
  perl-constant.noarch 0:1.27-2.el7                                             
  perl-libs.x86_64 4:5.16.3-294.el7_6                                           
  perl-macros.x86_64 4:5.16.3-294.el7_6                                         
  perl-parent.noarch 1:0.225-244.el7                                            
  perl-podlators.noarch 0:2.5.1-3.el7                                           
  perl-threads.x86_64 0:1.87-4.el7                                              
  perl-threads-shared.x86_64 0:1.43-6.el7                                       
  vim-common.x86_64 2:7.4.629-6.el7                                             
  vim-filesystem.x86_64 2:7.4.629-6.el7                                         

Complete!
[root@lvm ~]# 
[root@lvm ~]# 
[root@lvm ~]# 
[root@lvm ~]# vim /etc/fstab 
[root@lvm ~]# vim /etc/default/grub 
[root@lvm ~]# vim /boot/grub2/grub.cfg 
[root@lvm ~]# 
[root@lvm ~]# 
[root@lvm ~]# mkinitrd -f -v /boot/initramfs-$(uname -r).img $(uname -r)
Executing: /sbin/dracut -f -v /boot/initramfs-3.10.0-862.2.3.el7.x86_64.img 3.10.0-862.2.3.el7.x86_64
dracut module 'busybox' will not be installed, because command 'busybox' could not be found!
dracut module 'crypt' will not be installed, because command 'cryptsetup' could not be found!
dracut module 'dmraid' will not be installed, because command 'dmraid' could not be found!
dracut module 'dmsquash-live-ntfs' will not be installed, because command 'ntfs-3g' could not be found!
dracut module 'multipath' will not be installed, because command 'multipath' could not be found!
dracut module 'busybox' will not be installed, because command 'busybox' could not be found!
dracut module 'crypt' will not be installed, because command 'cryptsetup' could not be found!
dracut module 'dmraid' will not be installed, because command 'dmraid' could not be found!
dracut module 'dmsquash-live-ntfs' will not be installed, because command 'ntfs-3g' could not be found!
dracut module 'multipath' will not be installed, because command 'multipath' could not be found!
*** Including module: bash ***
*** Including module: nss-softokn ***
*** Including module: i18n ***
*** Including module: drm ***
*** Including module: plymouth ***
*** Including module: dm ***
Skipping udev rule: 64-device-mapper.rules
Skipping udev rule: 60-persistent-storage-dm.rules
Skipping udev rule: 55-dm.rules
*** Including module: kernel-modules ***
Omitting driver floppy
*** Including module: lvm ***
Skipping udev rule: 64-device-mapper.rules
Skipping udev rule: 56-lvm.rules
Skipping udev rule: 60-persistent-storage-lvm.rules
*** Including module: qemu ***
*** Including module: resume ***
*** Including module: rootfs-block ***
*** Including module: terminfo ***
*** Including module: udev-rules ***
Skipping udev rule: 40-redhat-cpu-hotplug.rules
Skipping udev rule: 91-permissions.rules
*** Including module: biosdevname ***
*** Including module: systemd ***
*** Including module: usrmount ***
*** Including module: base ***
*** Including module: fs-lib ***
*** Including module: shutdown ***
*** Including modules done ***
*** Installing kernel module dependencies and firmware ***
*** Installing kernel module dependencies and firmware done ***
*** Resolving executable dependencies ***
*** Resolving executable dependencies done***
*** Hardlinking files ***
*** Hardlinking files done ***
*** Stripping files ***
*** Stripping files done ***
*** Generating early-microcode cpio image contents ***
*** Constructing AuthenticAMD.bin ****
*** Store current command line parameters ***
*** Creating image file ***
*** Creating microcode section ***
*** Created microcode section ***
*** Creating image file done ***
*** Creating initramfs image file '/boot/initramfs-3.10.0-862.2.3.el7.x86_64.img' done ***
[root@lvm ~]# reboot 
Connection to 127.0.0.1 closed by remote host.
Connection to 127.0.0.1 closed.
kastyle@admins:~/study/hw/3/stands-03-lvm-master$ vagrant ssh
ssh_exchange_identification: read: Connection reset by peer
kastyle@admins:~/study/hw/3/stands-03-lvm-master$ vagrant ssh
Last login: Wed Mar 11 17:10:16 2020 from 10.0.2.2
[vagrant@lvm ~]$ 
[vagrant@lvm ~]$ 
[vagrant@lvm ~]$ 
[vagrant@lvm ~]$ vgs
  WARNING: Running as a non-root user. Functionality may be unavailable.
  /run/lvm/lvmetad.socket: access failed: Permission denied
  WARNING: Failed to connect to lvmetad. Falling back to device scanning.
  /dev/mapper/control: open failed: Permission denied
  Failure to communicate with kernel device-mapper driver.
  Incompatible libdevmapper 1.02.146-RHEL7 (2018-01-22) and kernel driver (unknown version).
[vagrant@lvm ~]$ sudo su
[root@lvm vagrant]# vgs
  VG       #PV #LV #SN Attr   VSize   VFree
  RootOtus   1   2   0 wz--n- <38.97g    0 
